// Jest Snapshot v1, https://goo.gl/fbAQLP

exports[`User component should render component correctly and match snapshot 1`] = `
<li>
  <strong>
    Maksym Vasylenko
  </strong>
   @
  maxikgreat
</li>
`;
